Archive member included to satisfy reference by file (symbol)

d:/stm32cubeide_1.7.0/stm32cubeide/plugins/com.st.stm32cube.ide.mcu.externaltools.gnu-tools-for-stm32.9-2020-q2-update.win32_2.0.0.202105311346/tools/bin/../lib/gcc/arm-none-eabi/9.3.1/../../../../arm-none-eabi/lib/thumb/v7-m/nofp\libc_nano.a(lib_a-errno.o)
                              ./Core/Src/syscalls.o (__errno)
d:/stm32cubeide_1.7.0/stm32cubeide/plugins/com.st.stm32cube.ide.mcu.externaltools.gnu-tools-for-stm32.9-2020-q2-update.win32_2.0.0.202105311346/tools/bin/../lib/gcc/arm-none-eabi/9.3.1/../../../../arm-none-eabi/lib/thumb/v7-m/nofp\libc_nano.a(lib_a-exit.o)
                              d:/stm32cubeide_1.7.0/stm32cubeide/plugins/com.st.stm32cube.ide.mcu.externaltools.gnu-tools-for-stm32.9-2020-q2-update.win32_2.0.0.202105311346/tools/bin/../lib/gcc/arm-none-eabi/9.3.1/../../../../arm-none-eabi/lib/thumb/v7-m/nofp/crt0.o (exit)
d:/stm32cubeide_1.7.0/stm32cubeide/plugins/com.st.stm32cube.ide.mcu.externaltools.gnu-tools-for-stm32.9-2020-q2-update.win32_2.0.0.202105311346/tools/bin/../lib/gcc/arm-none-eabi/9.3.1/../../../../arm-none-eabi/lib/thumb/v7-m/nofp\libc_nano.a(lib_a-impure.o)
                              d:/stm32cubeide_1.7.0/stm32cubeide/plugins/com.st.stm32cube.ide.mcu.externaltools.gnu-tools-for-stm32.9-2020-q2-update.win32_2.0.0.202105311346/tools/bin/../lib/gcc/arm-none-eabi/9.3.1/../../../../arm-none-eabi/lib/thumb/v7-m/nofp\libc_nano.a(lib_a-exit.o) (_global_impure_ptr)
d:/stm32cubeide_1.7.0/stm32cubeide/plugins/com.st.stm32cube.ide.mcu.externaltools.gnu-tools-for-stm32.9-2020-q2-update.win32_2.0.0.202105311346/tools/bin/../lib/gcc/arm-none-eabi/9.3.1/../../../../arm-none-eabi/lib/thumb/v7-m/nofp\libc_nano.a(lib_a-init.o)
                              d:/stm32cubeide_1.7.0/stm32cubeide/plugins/com.st.stm32cube.ide.mcu.externaltools.gnu-tools-for-stm32.9-2020-q2-update.win32_2.0.0.202105311346/tools/bin/../lib/gcc/arm-none-eabi/9.3.1/../../../../arm-none-eabi/lib/thumb/v7-m/nofp/crt0.o (__libc_init_array)
d:/stm32cubeide_1.7.0/stm32cubeide/plugins/com.st.stm32cube.ide.mcu.externaltools.gnu-tools-for-stm32.9-2020-q2-update.win32_2.0.0.202105311346/tools/bin/../lib/gcc/arm-none-eabi/9.3.1/../../../../arm-none-eabi/lib/thumb/v7-m/nofp\libc_nano.a(lib_a-memset.o)
                              d:/stm32cubeide_1.7.0/stm32cubeide/plugins/com.st.stm32cube.ide.mcu.externaltools.gnu-tools-for-stm32.9-2020-q2-update.win32_2.0.0.202105311346/tools/bin/../lib/gcc/arm-none-eabi/9.3.1/../../../../arm-none-eabi/lib/thumb/v7-m/nofp/crt0.o (memset)

Allocating common symbols
Common symbol       size              file

uwTick              0x4               ./Drivers/STM32F1xx_HAL_Driver/Src/stm32f1xx_hal.o
pFlash              0x20              ./Drivers/STM32F1xx_HAL_Driver/Src/stm32f1xx_hal_flash.o
htim2               0x48              ./Core/Src/main.o

Discarded input sections

 .text          0x0000000000000000        0x0 d:/stm32cubeide_1.7.0/stm32cubeide/plugins/com.st.stm32cube.ide.mcu.externaltools.gnu-tools-for-stm32.9-2020-q2-update.win32_2.0.0.202105311346/tools/bin/../lib/gcc/arm-none-eabi/9.3.1/thumb/v7-m/nofp/crti.o
 .data          0x0000000000000000        0x0 d:/stm32cubeide_1.7.0/stm32cubeide/plugins/com.st.stm32cube.ide.mcu.externaltools.gnu-tools-for-stm32.9-2020-q2-update.win32_2.0.0.202105311346/tools/bin/../lib/gcc/arm-none-eabi/9.3.1/thumb/v7-m/nofp/crti.o
 .bss           0x0000000000000000        0x0 d:/stm32cubeide_1.7.0/stm32cubeide/plugins/com.st.stm32cube.ide.mcu.externaltools.gnu-tools-for-stm32.9-2020-q2-update.win32_2.0.0.202105311346/tools/bin/../lib/gcc/arm-none-eabi/9.3.1/thumb/v7-m/nofp/crti.o
 .data          0x0000000000000000        0x4 d:/stm32cubeide_1.7.0/stm32cubeide/plugins/com.st.stm32cube.ide.mcu.externaltools.gnu-tools-for-stm32.9-2020-q2-update.win32_2.0.0.202105311346/tools/bin/../lib/gcc/arm-none-eabi/9.3.1/thumb/v7-m/nofp/crtbegin.o
 .text          0x0000000000000000       0x7c d:/stm32cubeide_1.7.0/stm32cubeide/plugins/com.st.stm32cube.ide.mcu.externaltools.gnu-tools-for-stm32.9-2020-q2-update.win32_2.0.0.202105311346/tools/bin/../lib/gcc/arm-none-eabi/9.3.1/../../../../arm-none-eabi/lib/thumb/v7-m/nofp/crt0.o
 .data          0x0000000000000000        0x0 d:/stm32cubeide_1.7.0/stm32cubeide/plugins/com.st.stm32cube.ide.mcu.externaltools.gnu-tools-for-stm32.9-2020-q2-update.win32_2.0.0.202105311346/tools/bin/../lib/gcc/arm-none-eabi/9.3.1/../../../../arm-none-eabi/lib/thumb/v7-m/nofp/crt0.o
 .bss           0x0000000000000000        0x0 d:/stm32cubeide_1.7.0/stm32cubeide/plugins/com.st.stm32cube.ide.mcu.externaltools.gnu-tools-for-stm32.9-2020-q2-update.win32_2.0.0.202105311346/tools/bin/../lib/gcc/arm-none-eabi/9.3.1/../../../../arm-none-eabi/lib/thumb/v7-m/nofp/crt0.o
[...]
Memory Configuration

Name             Origin             Length             Attributes
RAM              0x0000000020000000 0x0000000000002800 xrw
FLASH            0x0000000008000000 0x0000000000008000 xr
*default*        0x0000000000000000 0xffffffffffffffff

Linker script and memory map

LOAD d:/stm32cubeide_1.7.0/stm32cubeide/plugins/com.st.stm32cube.ide.mcu.externaltools.gnu-tools-for-stm32.9-2020-q2-update.win32_2.0.0.202105311346/tools/bin/../lib/gcc/arm-none-eabi/9.3.1/thumb/v7-m/nofp/crti.o
LOAD d:/stm32cubeide_1.7.0/stm32cubeide/plugins/com.st.stm32cube.ide.mcu.externaltools.gnu-tools-for-stm32.9-2020-q2-update.win32_2.0.0.202105311346/tools/bin/../lib/gcc/arm-none-eabi/9.3.1/thumb/v7-m/nofp/crtbegin.o
LOAD d:/stm32cubeide_1.7.0/stm32cubeide/plugins/com.st.stm32cube.ide.mcu.externaltools.gnu-tools-for-stm32.9-2020-q2-update.win32_2.0.0.202105311346/tools/bin/../lib/gcc/arm-none-eabi/9.3.1/../../../../arm-none-eabi/lib/thumb/v7-m/nofp/crt0.o
LOAD ./Core/Src/clock_funtion.o
LOAD ./Core/Src/main.o
LOAD ./Core/Src/software_timer.o
LOAD ./Core/Src/stm32f1xx_hal_msp.o
LOAD ./Core/Src/stm32f1xx_it.o
LOAD ./Core/Src/syscalls.o
LOAD ./Core/Src/sysmem.o
LOAD ./Core/Src/system_stm32f1xx.o
LOAD ./Core/Startup/startup_stm32f103c6ux.o
LOAD ./Drivers/STM32F1xx_HAL_Driver/Src/stm32f1xx_hal.o
LOAD ./Drivers/STM32F1xx_HAL_Driver/Src/stm32f1xx_hal_cortex.o
LOAD ./Drivers/STM32F1xx_HAL_Driver/Src/stm32f1xx_hal_dma.o
LOAD ./Drivers/STM32F1xx_HAL_Driver/Src/stm32f1xx_hal_exti.o
LOAD ./Drivers/STM32F1xx_HAL_Driver/Src/stm32f1xx_hal_flash.o
LOAD ./Drivers/STM32F1xx_HAL_Driver/Src/stm32f1xx_hal_flash_ex.o
LOAD ./Drivers/STM32F1xx_HAL_Driver/Src/stm32f1xx_hal_gpio.o
LOAD ./Drivers/STM32F1xx_HAL_Driver/Src/stm32f1xx_hal_gpio_ex.o
LOAD ./Drivers/STM32F1xx_HAL_Driver/Src/stm32f1xx_hal_pwr.o
LOAD ./Drivers/STM32F1xx_HAL_Driver/Src/stm32f1xx_hal_rcc.o
LOAD ./Drivers/STM32F1xx_HAL_Driver/Src/stm32f1xx_hal_rcc_ex.o
LOAD ./Drivers/STM32F1xx_HAL_Driver/Src/stm32f1xx_hal_tim.o
LOAD ./Drivers/STM32F1xx_HAL_Driver/Src/stm32f1xx_hal_tim_ex.o
START GROUP
LOAD d:/stm32cubeide_1.7.0/stm32cubeide/plugins/com.st.stm32cube.ide.mcu.externaltools.gnu-tools-for-stm32.9-2020-q2-update.win32_2.0.0.202105311346/tools/bin/../lib/gcc/arm-none-eabi/9.3.1/../../../../arm-none-eabi/lib/thumb/v7-m/nofp\libc_nano.a
LOAD d:/stm32cubeide_1.7.0/stm32cubeide/plugins/com.st.stm32cube.ide.mcu.externaltools.gnu-tools-for-stm32.9-2020-q2-update.win32_2.0.0.202105311346/tools/bin/../lib/gcc/arm-none-eabi/9.3.1/../../../../arm-none-eabi/lib/thumb/v7-m/nofp\libm.a
END GROUP
START GROUP
LOAD d:/stm32cubeide_1.7.0/stm32cubeide/plugins/com.st.stm32cube.ide.mcu.externaltools.gnu-tools-for-stm32.9-2020-q2-update.win32_2.0.0.202105311346/tools/bin/../lib/gcc/arm-none-eabi/9.3.1/thumb/v7-m/nofp\libgcc.a
LOAD d:/stm32cubeide_1.7.0/stm32cubeide/plugins/com.st.stm32cube.ide.mcu.externaltools.gnu-tools-for-stm32.9-2020-q2-update.win32_2.0.0.202105311346/tools/bin/../lib/gcc/arm-none-eabi/9.3.1/../../../../arm-none-eabi/lib/thumb/v7-m/nofp\libc_nano.a
END GROUP
START GROUP
LOAD d:/stm32cubeide_1.7.0/stm32cubeide/plugins/com.st.stm32cube.ide.mcu.externaltools.gnu-tools-for-stm32.9-2020-q2-update.win32_2.0.0.202105311346/tools/bin/../lib/gcc/arm-none-eabi/9.3.1/thumb/v7-m/nofp\libgcc.a
LOAD d:/stm32cubeide_1.7.0/stm32cubeide/plugins/com.st.stm32cube.ide.mcu.externaltools.gnu-tools-for-stm32.9-2020-q2-update.win32_2.0.0.202105311346/tools/bin/../lib/gcc/arm-none-eabi/9.3.1/../../../../arm-none-eabi/lib/thumb/v7-m/nofp\libc_nano.a
LOAD d:/stm32cubeide_1.7.0/stm32cubeide/plugins/com.st.stm32cube.ide.mcu.externaltools.gnu-tools-for-stm32.9-2020-q2-update.win32_2.0.0.202105311346/tools/bin/../lib/gcc/arm-none-eabi/9.3.1/../../../../arm-none-eabi/lib/thumb/v7-m/nofp\libnosys.a
END GROUP
START GROUP
LOAD d:/stm32cubeide_1.7.0/stm32cubeide/plugins/com.st.stm32cube.ide.mcu.externaltools.gnu-tools-for-stm32.9-2020-q2-update.win32_2.0.0.202105311346/tools/bin/../lib/gcc/arm-none-eabi/9.3.1/thumb/v7-m/nofp\libgcc.a
LOAD d:/stm32cubeide_1.7.0/stm32cubeide/plugins/com.st.stm32cube.ide.mcu.externaltools.gnu-tools-for-stm32.9-2020-q2-update.win32_2.0.0.202105311346/tools/bin/../lib/gcc/arm-none-eabi/9.3.1/../../../../arm-none-eabi/lib/thumb/v7-m/nofp\libc_nano.a
LOAD d:/stm32cubeide_1.7.0/stm32cubeide/plugins/com.st.stm32cube.ide.mcu.externaltools.gnu-tools-for-stm32.9-2020-q2-update.win32_2.0.0.202105311346/tools/bin/../lib/gcc/arm-none-eabi/9.3.1/../../../../arm-none-eabi/lib/thumb/v7-m/nofp\libnosys.a
END GROUP
LOAD d:/stm32cubeide_1.7.0/stm32cubeide/plugins/com.st.stm32cube.ide.mcu.externaltools.gnu-tools-for-stm32.9-2020-q2-update.win32_2.0.0.202105311346/tools/bin/../lib/gcc/arm-none-eabi/9.3.1/thumb/v7-m/nofp/crtend.o
LOAD d:/stm32cubeide_1.7.0/stm32cubeide/plugins/com.st.stm32cube.ide.mcu.externaltools.gnu-tools-for-stm32.9-2020-q2-update.win32_2.0.0.202105311346/tools/bin/../lib/gcc/arm-none-eabi/9.3.1/thumb/v7-m/nofp/crtn.o
                0x0000000020002800                _estack = (ORIGIN (RAM) + LENGTH (RAM))
                0x0000000000000200                _Min_Heap_Size = 0x200
                0x0000000000000400                _Min_Stack_Size = 0x400

.isr_vector     0x0000000008000000      0x10c
                0x0000000008000000                . = ALIGN (0x4)
 *(.isr_vector)
 .isr_vector    0x0000000008000000      0x10c ./Core/Startup/startup_stm32f103c6ux.o
                0x0000000008000000                g_pfnVectors
                0x000000000800010c                . = ALIGN (0x4)

.text           0x000000000800010c     0x1b64
                0x000000000800010c                . = ALIGN (0x4)
 *(.text)
 .text          0x000000000800010c       0x40 d:/stm32cubeide_1.7.0/stm32cubeide/plugins/com.st.stm32cube.ide.mcu.externaltools.gnu-tools-for-stm32.9-2020-q2-update.win32_2.0.0.202105311346/tools/bin/../lib/gcc/arm-none-eabi/9.3.1/thumb/v7-m/nofp/crtbegin.o
 *(.text*)
 .text.clearAllClock
                0x000000000800014c       0x94 ./Core/Src/clock_funtion.o
                0x000000000800014c                clearAllClock
 .text.setNumberOnClock
                0x00000000080001e0       0xf4 ./Core/Src/clock_funtion.o
                0x00000000080001e0                setNumberOnClock
 .text.main     0x00000000080002d4       0xb0 ./Core/Src/main.o
                0x00000000080002d4                main
 .text.SystemClock_Config
                0x0000000008000384       0x76 ./Core/Src/main.o
                0x0000000008000384                SystemClock_Config
 *fill*         0x00000000080003fa        0x2 
 .text.MX_TIM2_Init
                0x00000000080003fc       0x98 ./Core/Src/main.o
 .text.MX_GPIO_Init
                0x0000000008000494       0x68 ./Core/Src/main.o
 .text.Error_Handler
                0x00000000080004fc        0xa ./Core/Src/main.o
                0x00000000080004fc                Error_Handler
 *fill*         0x0000000008000506        0x2 
 .text.setTimer0
                0x0000000008000508       0x28 ./Core/Src/software_timer.o
                0x0000000008000508                setTimer0
 .text.runTimer
                0x0000000008000530       0x34 ./Core/Src/software_timer.o
                0x0000000008000530                runTimer
 .text.HAL_MspInit
                0x0000000008000564       0x64 ./Core/Src/stm32f1xx_hal_msp.o
                0x0000000008000564                HAL_MspInit
 .text.HAL_TIM_Base_MspInit
                0x00000000080005c8       0x48 ./Core/Src/stm32f1xx_hal_msp.o
                0x00000000080005c8                HAL_TIM_Base_MspInit
 .text.NMI_Handler
                0x0000000008000610        0x6 ./Core/Src/stm32f1xx_it.o
                0x0000000008000610                NMI_Handler
 .text.HardFault_Handler
                0x0000000008000616        0x6 ./Core/Src/stm32f1xx_it.o
                0x0000000008000616                HardFault_Handler
 .text.MemManage_Handler
                0x000000000800061c        0x6 ./Core/Src/stm32f1xx_it.o
                0x000000000800061c                MemManage_Handler
 .text.BusFault_Handler
                0x0000000008000622        0x6 ./Core/Src/stm32f1xx_it.o
                0x0000000008000622                BusFault_Handler
 .text.UsageFault_Handler
                0x0000000008000628        0x6 ./Core/Src/stm32f1xx_it.o
                0x0000000008000628                UsageFault_Handler
 .text.SVC_Handler
                0x000000000800062e        0xc ./Core/Src/stm32f1xx_it.o
                0x000000000800062e                SVC_Handler
 .text.DebugMon_Handler
                0x000000000800063a        0xc ./Core/Src/stm32f1xx_it.o
                0x000000000800063a                DebugMon_Handler
 .text.PendSV_Handler
                0x0000000008000646        0xc ./Core/Src/stm32f1xx_it.o
                0x0000000008000646                PendSV_Handler
 .text.SysTick_Handler
                0x0000000008000652        0xc ./Core/Src/stm32f1xx_it.o
                0x0000000008000652                SysTick_Handler
 *fill*         0x000000000800065e        0x2 
 .text.TIM2_IRQHandler
                0x0000000008000660       0x14 ./Core/Src/stm32f1xx_it.o
                0x0000000008000660                TIM2_IRQHandler
 .text.SystemInit
                0x0000000008000674        0xc ./Core/Src/system_stm32f1xx.o
                0x0000000008000674                SystemInit
 .text.Reset_Handler
                0x0000000008000680       0x48 ./Core/Startup/startup_stm32f103c6ux.o
                0x0000000008000680                Reset_Handler
 .text.Default_Handler
                0x00000000080006c8        0x2 ./Core/Startup/startup_stm32f103c6ux.o
                0x00000000080006c8                RTC_Alarm_IRQHandler
                0x00000000080006c8                EXTI2_IRQHandler
                0x00000000080006c8                TIM1_CC_IRQHandler
                0x00000000080006c8                PVD_IRQHandler
                0x00000000080006c8                EXTI3_IRQHandler
                0x00000000080006c8                EXTI0_IRQHandler
                0x00000000080006c8                ADC1_2_IRQHandler
                0x00000000080006c8                SPI1_IRQHandler
                0x00000000080006c8                TAMPER_IRQHandler
                0x00000000080006c8                DMA1_Channel4_IRQHandler
                0x00000000080006c8                RTC_IRQHandler
                0x00000000080006c8                DMA1_Channel7_IRQHandler
                0x00000000080006c8                CAN1_RX1_IRQHandler
                0x00000000080006c8                I2C1_EV_IRQHandler
                0x00000000080006c8                DMA1_Channel6_IRQHandler
                0x00000000080006c8                TIM3_IRQHandler
                0x00000000080006c8                RCC_IRQHandler
                0x00000000080006c8                TIM1_TRG_COM_IRQHandler
                0x00000000080006c8                DMA1_Channel1_IRQHandler
                0x00000000080006c8                Default_Handler
                0x00000000080006c8                EXTI15_10_IRQHandler
                0x00000000080006c8                EXTI9_5_IRQHandler
                0x00000000080006c8                DMA1_Channel5_IRQHandler
                0x00000000080006c8                EXTI4_IRQHandler
                0x00000000080006c8                USB_LP_CAN1_RX0_IRQHandler
                0x00000000080006c8                USB_HP_CAN1_TX_IRQHandler
                0x00000000080006c8                DMA1_Channel3_IRQHandler
                0x00000000080006c8                TIM1_UP_IRQHandler
                0x00000000080006c8                WWDG_IRQHandler
                0x00000000080006c8                TIM1_BRK_IRQHandler
                0x00000000080006c8                EXTI1_IRQHandler
                0x00000000080006c8                USART2_IRQHandler
                0x00000000080006c8                DMA1_Channel2_IRQHandler
                0x00000000080006c8                CAN1_SCE_IRQHandler
                0x00000000080006c8                FLASH_IRQHandler
                0x00000000080006c8                USART1_IRQHandler
                0x00000000080006c8                I2C1_ER_IRQHandler
                0x00000000080006c8                USBWakeUp_IRQHandler
 *fill*         0x00000000080006ca        0x2 
 .text.HAL_Init
                0x00000000080006cc       0x2c ./Drivers/STM32F1xx_HAL_Driver/Src/stm32f1xx_hal.o
                0x00000000080006cc                HAL_Init
 .text.HAL_InitTick
                0x00000000080006f8       0x60 ./Drivers/STM32F1xx_HAL_Driver/Src/stm32f1xx_hal.o
                0x00000000080006f8                HAL_InitTick
 .text.HAL_IncTick
                0x0000000008000758       0x24 ./Drivers/STM32F1xx_HAL_Driver/Src/stm32f1xx_hal.o
                0x0000000008000758                HAL_IncTick
 .text.HAL_GetTick
                0x000000000800077c       0x14 ./Drivers/STM32F1xx_HAL_Driver/Src/stm32f1xx_hal.o
                0x000000000800077c                HAL_GetTick
 .text.HAL_Delay
                0x0000000008000790       0x48 ./Drivers/STM32F1xx_HAL_Driver/Src/stm32f1xx_hal.o
                0x0000000008000790                HAL_Delay
 .text.__NVIC_SetPriorityGrouping
                0x00000000080007d8       0x48 ./Drivers/STM32F1xx_HAL_Driver/Src/stm32f1xx_hal_cortex.o
 .text.__NVIC_GetPriorityGrouping
                0x0000000008000820       0x1c ./Drivers/STM32F1xx_HAL_Driver/Src/stm32f1xx_hal_cortex.o
 .text.__NVIC_EnableIRQ
                0x000000000800083c       0x38 ./Drivers/STM32F1xx_HAL_Driver/Src/stm32f1xx_hal_cortex.o
 .text.__NVIC_SetPriority
                0x0000000008000874       0x54 ./Drivers/STM32F1xx_HAL_Driver/Src/stm32f1xx_hal_cortex.o
 .text.NVIC_EncodePriority
                0x00000000080008c8       0x64 ./Drivers/STM32F1xx_HAL_Driver/Src/stm32f1xx_hal_cortex.o
 .text.SysTick_Config
                0x000000000800092c       0x44 ./Drivers/STM32F1xx_HAL_Driver/Src/stm32f1xx_hal_cortex.o
 .text.HAL_NVIC_SetPriorityGrouping
                0x0000000008000970       0x16 ./Drivers/STM32F1xx_HAL_Driver/Src/stm32f1xx_hal_cortex.o
                0x0000000008000970                HAL_NVIC_SetPriorityGrouping
 .text.HAL_NVIC_SetPriority
                0x0000000008000986       0x38 ./Drivers/STM32F1xx_HAL_Driver/Src/stm32f1xx_hal_cortex.o
                0x0000000008000986                HAL_NVIC_SetPriority
 .text.HAL_NVIC_EnableIRQ
                0x00000000080009be       0x1c ./Drivers/STM32F1xx_HAL_Driver/Src/stm32f1xx_hal_cortex.o
                0x00000000080009be                HAL_NVIC_EnableIRQ
 .text.HAL_SYSTICK_Config
                0x00000000080009da       0x18 ./Drivers/STM32F1xx_HAL_Driver/Src/stm32f1xx_hal_cortex.o
                0x00000000080009da                HAL_SYSTICK_Config
 *fill*         0x00000000080009f2        0x2 
 .text.HAL_GPIO_Init
                0x00000000080009f4      0x2f4 ./Drivers/STM32F1xx_HAL_Driver/Src/stm32f1xx_hal_gpio.o
                0x00000000080009f4                HAL_GPIO_Init
 .text.HAL_GPIO_WritePin
                0x0000000008000ce8       0x30 ./Drivers/STM32F1xx_HAL_Driver/Src/stm32f1xx_hal_gpio.o
                0x0000000008000ce8                HAL_GPIO_WritePin
 .text.HAL_RCC_OscConfig
                0x0000000008000d18      0x500 ./Drivers/STM32F1xx_HAL_Driver/Src/stm32f1xx_hal_rcc.o
                0x0000000008000d18                HAL_RCC_OscConfig
 .text.HAL_RCC_ClockConfig
                0x0000000008001218      0x1d4 ./Drivers/STM32F1xx_HAL_Driver/Src/stm32f1xx_hal_rcc.o
                0x0000000008001218                HAL_RCC_ClockConfig
 .text.HAL_RCC_GetSysClockFreq
                0x00000000080013ec       0xa8 ./Drivers/STM32F1xx_HAL_Driver/Src/stm32f1xx_hal_rcc.o
                0x00000000080013ec                HAL_RCC_GetSysClockFreq
 .text.RCC_Delay
                0x0000000008001494       0x3c ./Drivers/STM32F1xx_HAL_Driver/Src/stm32f1xx_hal_rcc.o
 .text.HAL_TIM_Base_Init
                0x00000000080014d0       0x9e ./Drivers/STM32F1xx_HAL_Driver/Src/stm32f1xx_hal_tim.o
                0x00000000080014d0                HAL_TIM_Base_Init
 .text.HAL_TIM_IRQHandler
                0x000000000800156e      0x1e0 ./Drivers/STM32F1xx_HAL_Driver/Src/stm32f1xx_hal_tim.o
                0x000000000800156e                HAL_TIM_IRQHandler
 .text.HAL_TIM_ConfigClockSource
                0x000000000800174e      0x18e ./Drivers/STM32F1xx_HAL_Driver/Src/stm32f1xx_hal_tim.o
                0x000000000800174e                HAL_TIM_ConfigClockSource
 .text.HAL_TIM_PeriodElapsedCallback
                0x00000000080018dc       0x12 ./Drivers/STM32F1xx_HAL_Driver/Src/stm32f1xx_hal_tim.o
                0x00000000080018dc                HAL_TIM_PeriodElapsedCallback
 .text.HAL_TIM_OC_DelayElapsedCallback
                0x00000000080018ee       0x12 ./Drivers/STM32F1xx_HAL_Driver/Src/stm32f1xx_hal_tim.o
                0x00000000080018ee                HAL_TIM_OC_DelayElapsedCallback
 .text.HAL_TIM_IC_CaptureCallback
                0x0000000008001900       0x12 ./Drivers/STM32F1xx_HAL_Driver/Src/stm32f1xx_hal_tim.o
                0x0000000008001900                HAL_TIM_IC_CaptureCallback
 .text.HAL_TIM_PWM_PulseFinishedCallback
                0x0000000008001912       0x12 ./Drivers/STM32F1xx_HAL_Driver/Src/stm32f1xx_hal_tim.o
                0x0000000008001912                HAL_TIM_PWM_PulseFinishedCallback
 .text.HAL_TIM_TriggerCallback
                0x0000000008001924       0x12 ./Drivers/STM32F1xx_HAL_Driver/Src/stm32f1xx_hal_tim.o
                0x0000000008001924                HAL_TIM_TriggerCallback
 *fill*         0x0000000008001936        0x2 
 .text.TIM_Base_SetConfig
                0x0000000008001938       0xc8 ./Drivers/STM32F1xx_HAL_Driver/Src/stm32f1xx_hal_tim.o
                0x0000000008001938                TIM_Base_SetConfig
 .text.TIM_TI1_ConfigInputStage
                0x0000000008001a00       0x5c ./Drivers/STM32F1xx_HAL_Driver/Src/stm32f1xx_hal_tim.o
 .text.TIM_TI2_ConfigInputStage
                0x0000000008001a5c       0x5e ./Drivers/STM32F1xx_HAL_Driver/Src/stm32f1xx_hal_tim.o
 .text.TIM_ITRx_SetConfig
                0x0000000008001aba       0x34 ./Drivers/STM32F1xx_HAL_Driver/Src/stm32f1xx_hal_tim.o
 .text.TIM_ETR_SetConfig
                0x0000000008001aee       0x3e ./Drivers/STM32F1xx_HAL_Driver/Src/stm32f1xx_hal_tim.o
                0x0000000008001aee                TIM_ETR_SetConfig
 .text.HAL_TIMEx_MasterConfigSynchronization
                0x0000000008001b2c       0xb0 ./Drivers/STM32F1xx_HAL_Driver/Src/stm32f1xx_hal_tim_ex.o
                0x0000000008001b2c                HAL_TIMEx_MasterConfigSynchronization
 .text.HAL_TIMEx_CommutCallback
                0x0000000008001bdc       0x12 ./Drivers/STM32F1xx_HAL_Driver/Src/stm32f1xx_hal_tim_ex.o
                0x0000000008001bdc                HAL_TIMEx_CommutCallback
 .text.HAL_TIMEx_BreakCallback
                0x0000000008001bee       0x12 ./Drivers/STM32F1xx_HAL_Driver/Src/stm32f1xx_hal_tim_ex.o
                0x0000000008001bee                HAL_TIMEx_BreakCallback
 .text.__libc_init_array
                0x0000000008001c00       0x48 d:/stm32cubeide_1.7.0/stm32cubeide/plugins/com.st.stm32cube.ide.mcu.externaltools.gnu-tools-for-stm32.9-2020-q2-update.win32_2.0.0.202105311346/tools/bin/../lib/gcc/arm-none-eabi/9.3.1/../../../../arm-none-eabi/lib/thumb/v7-m/nofp\libc_nano.a(lib_a-init.o)
                0x0000000008001c00                __libc_init_array
 .text.memset   0x0000000008001c48       0x10 d:/stm32cubeide_1.7.0/stm32cubeide/plugins/com.st.stm32cube.ide.mcu.externaltools.gnu-tools-for-stm32.9-2020-q2-update.win32_2.0.0.202105311346/tools/bin/../lib/gcc/arm-none-eabi/9.3.1/../../../../arm-none-eabi/lib/thumb/v7-m/nofp\libc_nano.a(lib_a-memset.o)
                0x0000000008001c48                memset
 *(.glue_7)
 .glue_7        0x0000000008001c58        0x0 linker stubs
 *(.glue_7t)
 .glue_7t       0x0000000008001c58        0x0 linker stubs
 *(.eh_frame)
 .eh_frame      0x0000000008001c58        0x0 d:/stm32cubeide_1.7.0/stm32cubeide/plugins/com.st.stm32cube.ide.mcu.externaltools.gnu-tools-for-stm32.9-2020-q2-update.win32_2.0.0.202105311346/tools/bin/../lib/gcc/arm-none-eabi/9.3.1/thumb/v7-m/nofp/crtbegin.o
 *(.init)
 .init          0x0000000008001c58        0x4 d:/stm32cubeide_1.7.0/stm32cubeide/plugins/com.st.stm32cube.ide.mcu.externaltools.gnu-tools-for-stm32.9-2020-q2-update.win32_2.0.0.202105311346/tools/bin/../lib/gcc/arm-none-eabi/9.3.1/thumb/v7-m/nofp/crti.o
                0x0000000008001c58                _init
 .init          0x0000000008001c5c        0x8 d:/stm32cubeide_1.7.0/stm32cubeide/plugins/com.st.stm32cube.ide.mcu.externaltools.gnu-tools-for-stm32.9-2020-q2-update.win32_2.0.0.202105311346/tools/bin/../lib/gcc/arm-none-eabi/9.3.1/thumb/v7-m/nofp/crtn.o
 *(.fini)
 .fini          0x0000000008001c64        0x4 d:/stm32cubeide_1.7.0/stm32cubeide/plugins/com.st.stm32cube.ide.mcu.externaltools.gnu-tools-for-stm32.9-2020-q2-update.win32_2.0.0.202105311346/tools/bin/../lib/gcc/arm-none-eabi/9.3.1/thumb/v7-m/nofp/crti.o
                0x0000000008001c64                _fini
 .fini          0x0000000008001c68        0x8 d:/stm32cubeide_1.7.0/stm32cubeide/plugins/com.st.stm32cube.ide.mcu.externaltools.gnu-tools-for-stm32.9-2020-q2-update.win32_2.0.0.202105311346/tools/bin/../lib/gcc/arm-none-eabi/9.3.1/thumb/v7-m/nofp/crtn.o
                0x0000000008001c70                . = ALIGN (0x4)
                0x0000000008001c70                _etext = .

.vfp11_veneer   0x0000000008001c70        0x0
 .vfp11_veneer  0x0000000008001c70        0x0 linker stubs

.v4_bx          0x0000000008001c70        0x0
 .v4_bx         0x0000000008001c70        0x0 linker stubs

.iplt           0x0000000008001c70        0x0
 .iplt          0x0000000008001c70        0x0 d:/stm32cubeide_1.7.0/stm32cubeide/plugins/com.st.stm32cube.ide.mcu.externaltools.gnu-tools-for-stm32.9-2020-q2-update.win32_2.0.0.202105311346/tools/bin/../lib/gcc/arm-none-eabi/9.3.1/thumb/v7-m/nofp/crtbegin.o

.rodata         0x0000000008001c70       0x24
                0x0000000008001c70                . = ALIGN (0x4)
 *(.rodata)
 *(.rodata*)
 .rodata.AHBPrescTable
                0x0000000008001c70       0x10 ./Core/Src/system_stm32f1xx.o
                0x0000000008001c70                AHBPrescTable
 .rodata.aPLLMULFactorTable.6032
                0x0000000008001c80       0x10 ./Drivers/STM32F1xx_HAL_Driver/Src/stm32f1xx_hal_rcc.o
 .rodata.aPredivFactorTable.6033
                0x0000000008001c90        0x2 ./Drivers/STM32F1xx_HAL_Driver/Src/stm32f1xx_hal_rcc.o
                0x0000000008001c94                . = ALIGN (0x4)
 *fill*         0x0000000008001c92        0x2 

.rel.dyn        0x0000000008001c94        0x0
 .rel.iplt      0x0000000008001c94        0x0 d:/stm32cubeide_1.7.0/stm32cubeide/plugins/com.st.stm32cube.ide.mcu.externaltools.gnu-tools-for-stm32.9-2020-q2-update.win32_2.0.0.202105311346/tools/bin/../lib/gcc/arm-none-eabi/9.3.1/thumb/v7-m/nofp/crtbegin.o

.ARM.extab      0x0000000008001c94        0x0
                0x0000000008001c94                . = ALIGN (0x4)
 *(.ARM.extab* .gnu.linkonce.armextab.*)
                0x0000000008001c94                . = ALIGN (0x4)

.ARM            0x0000000008001c94        0x0
                0x0000000008001c94                . = ALIGN (0x4)
                0x0000000008001c94                __exidx_start = .
 *(.ARM.exidx*)
                0x0000000008001c94                __exidx_end = .
                0x0000000008001c94                . = ALIGN (0x4)

.preinit_array  0x0000000008001c94        0x0
                0x0000000008001c94                . = ALIGN (0x4)
                0x0000000008001c94                PROVIDE (__preinit_array_start = .)
 *(.preinit_array*)
                0x0000000008001c94                PROVIDE (__preinit_array_end = .)
                0x0000000008001c94                . = ALIGN (0x4)

.init_array     0x0000000008001c94        0x4
                0x0000000008001c94                . = ALIGN (0x4)
                0x0000000008001c94                PROVIDE (__init_array_start = .)
 *(SORT_BY_NAME(.init_array.*))
 *(.init_array*)
 .init_array    0x0000000008001c94        0x4 d:/stm32cubeide_1.7.0/stm32cubeide/plugins/com.st.stm32cube.ide.mcu.externaltools.gnu-tools-for-stm32.9-2020-q2-update.win32_2.0.0.202105311346/tools/bin/../lib/gcc/arm-none-eabi/9.3.1/thumb/v7-m/nofp/crtbegin.o
                0x0000000008001c98                PROVIDE (__init_array_end = .)
                0x0000000008001c98                . = ALIGN (0x4)

.fini_array     0x0000000008001c98        0x4
                0x0000000008001c98                . = ALIGN (0x4)
                [!provide]                        PROVIDE (__fini_array_start = .)
 *(SORT_BY_NAME(.fini_array.*))
 *(.fini_array*)
 .fini_array    0x0000000008001c98        0x4 d:/stm32cubeide_1.7.0/stm32cubeide/plugins/com.st.stm32cube.ide.mcu.externaltools.gnu-tools-for-stm32.9-2020-q2-update.win32_2.0.0.202105311346/tools/bin/../lib/gcc/arm-none-eabi/9.3.1/thumb/v7-m/nofp/crtbegin.o
                [!provide]                        PROVIDE (__fini_array_end = .)
                0x0000000008001c9c                . = ALIGN (0x4)
                0x0000000008001c9c                _sidata = LOADADDR (.data)

.data           0x0000000020000000        0xc load address 0x0000000008001c9c
                0x0000000020000000                . = ALIGN (0x4)
                0x0000000020000000                _sdata = .
 *(.data)
 *(.data*)
 .data.SystemCoreClock
                0x0000000020000000        0x4 ./Core/Src/system_stm32f1xx.o
                0x0000000020000000                SystemCoreClock
 .data.uwTickPrio
                0x0000000020000004        0x4 ./Drivers/STM32F1xx_HAL_Driver/Src/stm32f1xx_hal.o
                0x0000000020000004                uwTickPrio
 .data.uwTickFreq
                0x0000000020000008        0x1 ./Drivers/STM32F1xx_HAL_Driver/Src/stm32f1xx_hal.o
                0x0000000020000008                uwTickFreq
 *(.RamFunc)
 *(.RamFunc*)
                0x000000002000000c                . = ALIGN (0x4)
 *fill*         0x0000000020000009        0x3 
                0x000000002000000c                _edata = .

.igot.plt       0x000000002000000c        0x0 load address 0x0000000008001ca8
 .igot.plt      0x000000002000000c        0x0 d:/stm32cubeide_1.7.0/stm32cubeide/plugins/com.st.stm32cube.ide.mcu.externaltools.gnu-tools-for-stm32.9-2020-q2-update.win32_2.0.0.202105311346/tools/bin/../lib/gcc/arm-none-eabi/9.3.1/thumb/v7-m/nofp/crtbegin.o
                0x000000002000000c                . = ALIGN (0x4)

.bss            0x000000002000000c       0x70 load address 0x0000000008001ca8
                0x000000002000000c                _sbss = .
                0x000000002000000c                __bss_start__ = _sbss
 *(.bss)
 .bss           0x000000002000000c       0x1c d:/stm32cubeide_1.7.0/stm32cubeide/plugins/com.st.stm32cube.ide.mcu.externaltools.gnu-tools-for-stm32.9-2020-q2-update.win32_2.0.0.202105311346/tools/bin/../lib/gcc/arm-none-eabi/9.3.1/thumb/v7-m/nofp/crtbegin.o
 *(.bss*)
 .bss.timer0_counter
                0x0000000020000028        0x4 ./Core/Src/software_timer.o
                0x0000000020000028                timer0_counter
 .bss.timer0_flag
                0x000000002000002c        0x4 ./Core/Src/software_timer.o
                0x000000002000002c                timer0_flag
 *(COMMON)
 COMMON         0x0000000020000030       0x48 ./Core/Src/main.o
                0x0000000020000030                htim2
 COMMON         0x0000000020000078        0x4 ./Drivers/STM32F1xx_HAL_Driver/Src/stm32f1xx_hal.o
                0x0000000020000078                uwTick
                0x000000002000007c                . = ALIGN (0x4)
                0x000000002000007c                _ebss = .
                0x000000002000007c                __bss_end__ = _ebss

._user_heap_stack
                0x000000002000007c      0x604 load address 0x0000000008001ca8
                0x0000000020000080                . = ALIGN (0x8)
 *fill*         0x000000002000007c        0x4 
                [!provide]                        PROVIDE (end = .)
                0x0000000020000080                PROVIDE (_end = .)
                0x0000000020000280                . = (. + _Min_Heap_Size)
 *fill*         0x0000000020000080      0x200 
                0x0000000020000680                . = (. + _Min_Stack_Size)
 *fill*         0x0000000020000280      0x400 
                0x0000000020000680                . = ALIGN (0x8)

/DISCARD/
 libc.a(*)
 libm.a(*)
 libgcc.a(*)

.ARM.attributes
                0x0000000000000000       0x29
 *(.ARM.attributes)
 .ARM.attributes
                0x0000000000000000       0x1d d:/stm32cubeide_1.7.0/stm32cubeide/plugins/com.st.stm32cube.ide.mcu.externaltools.gnu-tools-for-stm32.9-2020-q2-update.win32_2.0.0.202105311346/tools/bin/../lib/gcc/arm-none-eabi/9.3.1/thumb/v7-m/nofp/crti.o
 .ARM.attributes
                0x000000000000001d       0x2d d:/stm32cubeide_1.7.0/stm32cubeide/plugins/com.st.stm32cube.ide.mcu.externaltools.gnu-tools-for-stm32.9-2020-q2-update.win32_2.0.0.202105311346/tools/bin/../lib/gcc/arm-none-eabi/9.3.1/thumb/v7-m/nofp/crtbegin.o
 .ARM.attributes
                0x000000000000004a       0x2d ./Core/Src/clock_funtion.o
 .ARM.attributes
                0x0000000000000077       0x2d ./Core/Src/main.o
 .ARM.attributes
                0x00000000000000a4       0x2d ./Core/Src/software_timer.o
 .ARM.attributes
                0x00000000000000d1       0x2d ./Core/Src/stm32f1xx_hal_msp.o
 .ARM.attributes
                0x00000000000000fe       0x2d ./Core/Src/stm32f1xx_it.o
 .ARM.attributes
                0x000000000000012b       0x2d ./Core/Src/system_stm32f1xx.o
 .ARM.attributes
                0x0000000000000158       0x21 ./Core/Startup/startup_stm32f103c6ux.o
 .ARM.attributes
                0x0000000000000179       0x2d ./Drivers/STM32F1xx_HAL_Driver/Src/stm32f1xx_hal.o
 .ARM.attributes
                0x00000000000001a6       0x2d ./Drivers/STM32F1xx_HAL_Driver/Src/stm32f1xx_hal_cortex.o
 .ARM.attributes
                0x00000000000001d3       0x2d ./Drivers/STM32F1xx_HAL_Driver/Src/stm32f1xx_hal_gpio.o
 .ARM.attributes
                0x0000000000000200       0x2d ./Drivers/STM32F1xx_HAL_Driver/Src/stm32f1xx_hal_rcc.o
 .ARM.attributes
                0x000000000000022d       0x2d ./Drivers/STM32F1xx_HAL_Driver/Src/stm32f1xx_hal_tim.o
 .ARM.attributes
                0x000000000000025a       0x2d ./Drivers/STM32F1xx_HAL_Driver/Src/stm32f1xx_hal_tim_ex.o
 .ARM.attributes
                0x0000000000000287       0x2d d:/stm32cubeide_1.7.0/stm32cubeide/plugins/com.st.stm32cube.ide.mcu.externaltools.gnu-tools-for-stm32.9-2020-q2-update.win32_2.0.0.202105311346/tools/bin/../lib/gcc/arm-none-eabi/9.3.1/../../../../arm-none-eabi/lib/thumb/v7-m/nofp\libc_nano.a(lib_a-init.o)
 .ARM.attributes
                0x00000000000002b4       0x2d d:/stm32cubeide_1.7.0/stm32cubeide/plugins/com.st.stm32cube.ide.mcu.externaltools.gnu-tools-for-stm32.9-2020-q2-update.win32_2.0.0.202105311346/tools/bin/../lib/gcc/arm-none-eabi/9.3.1/../../../../arm-none-eabi/lib/thumb/v7-m/nofp\libc_nano.a(lib_a-memset.o)
 .ARM.attributes
                0x00000000000002e1       0x1d d:/stm32cubeide_1.7.0/stm32cubeide/plugins/com.st.stm32cube.ide.mcu.externaltools.gnu-tools-for-stm32.9-2020-q2-update.win32_2.0.0.202105311346/tools/bin/../lib/gcc/arm-none-eabi/9.3.1/thumb/v7-m/nofp/crtn.o
OUTPUT(Lab1_STM32.elf elf32-littlearm)
LOAD linker stubs
LOAD d:/stm32cubeide_1.7.0/stm32cubeide/plugins/com.st.stm32cube.ide.mcu.externaltools.gnu-tools-for-stm32.9-2020-q2-update.win32_2.0.0.202105311346/tools/bin/../lib/gcc/arm-none-eabi/9.3.1/../../../../arm-none-eabi/lib/thumb/v7-m/nofp\libc.a
LOAD d:/stm32cubeide_1.7.0/stm32cubeide/plugins/com.st.stm32cube.ide.mcu.externaltools.gnu-tools-for-stm32.9-2020-q2-update.win32_2.0.0.202105311346/tools/bin/../lib/gcc/arm-none-eabi/9.3.1/../../../../arm-none-eabi/lib/thumb/v7-m/nofp\libm.a
LOAD d:/stm32cubeide_1.7.0/stm32cubeide/plugins/com.st.stm32cube.ide.mcu.externaltools.gnu-tools-for-stm32.9-2020-q2-update.win32_2.0.0.202105311346/tools/bin/../lib/gcc/arm-none-eabi/9.3.1/thumb/v7-m/nofp\libgcc.a

.debug_info     0x0000000000000000     0x87fd
 .debug_info    0x0000000000000000      0x2cb ./Core/Src/clock_funtion.o
 .debug_info    0x00000000000002cb      0xbb1 ./Core/Src/main.o
 .debug_info    0x0000000000000e7c       0x90 ./Core/Src/software_timer.o
 .debug_info    0x0000000000000f0c      0xa09 ./Core/Src/stm32f1xx_hal_msp.o
 .debug_info    0x0000000000001915      0x7b9 ./Core/Src/stm32f1xx_it.o
 .debug_info    0x00000000000020ce      0x2be ./Core/Src/system_stm32f1xx.o
 .debug_info    0x000000000000238c       0x22 ./Core/Startup/startup_stm32f103c6ux.o
 .debug_info    0x00000000000023ae      0x74c ./Drivers/STM32F1xx_HAL_Driver/Src/stm32f1xx_hal.o
 .debug_info    0x0000000000002afa      0xbbe ./Drivers/STM32F1xx_HAL_Driver/Src/stm32f1xx_hal_cortex.o
 .debug_info    0x00000000000036b8      0x701 ./Drivers/STM32F1xx_HAL_Driver/Src/stm32f1xx_hal_gpio.o
 .debug_info    0x0000000000003db9      0x893 ./Drivers/STM32F1xx_HAL_Driver/Src/stm32f1xx_hal_rcc.o
 .debug_info    0x000000000000464c     0x2c32 ./Drivers/STM32F1xx_HAL_Driver/Src/stm32f1xx_hal_tim.o
 .debug_info    0x000000000000727e     0x157f ./Drivers/STM32F1xx_HAL_Driver/Src/stm32f1xx_hal_tim_ex.o

.debug_abbrev   0x0000000000000000     0x16e4
 .debug_abbrev  0x0000000000000000      0x161 ./Core/Src/clock_funtion.o
 .debug_abbrev  0x0000000000000161      0x23f ./Core/Src/main.o
 .debug_abbrev  0x00000000000003a0       0x98 ./Core/Src/software_timer.o
 .debug_abbrev  0x0000000000000438      0x1b7 ./Core/Src/stm32f1xx_hal_msp.o
 .debug_abbrev  0x00000000000005ef      0x176 ./Core/Src/stm32f1xx_it.o
 .debug_abbrev  0x0000000000000765      0x14e ./Core/Src/system_stm32f1xx.o
 .debug_abbrev  0x00000000000008b3       0x12 ./Core/Startup/startup_stm32f103c6ux.o
 .debug_abbrev  0x00000000000008c5      0x1ed ./Drivers/STM32F1xx_HAL_Driver/Src/stm32f1xx_hal.o
 .debug_abbrev  0x0000000000000ab2      0x313 ./Drivers/STM32F1xx_HAL_Driver/Src/stm32f1xx_hal_cortex.o
 .debug_abbrev  0x0000000000000dc5      0x1e8 ./Drivers/STM32F1xx_HAL_Driver/Src/stm32f1xx_hal_gpio.o
 .debug_abbrev  0x0000000000000fad      0x273 ./Drivers/STM32F1xx_HAL_Driver/Src/stm32f1xx_hal_rcc.o
 .debug_abbrev  0x0000000000001220      0x25e ./Drivers/STM32F1xx_HAL_Driver/Src/stm32f1xx_hal_tim.o
 .debug_abbrev  0x000000000000147e      0x266 ./Drivers/STM32F1xx_HAL_Driver/Src/stm32f1xx_hal_tim_ex.o

.debug_aranges  0x0000000000000000      0x988
 .debug_aranges
                0x0000000000000000       0x38 ./Core/Src/clock_funtion.o
 .debug_aranges
                0x0000000000000038       0x40 ./Core/Src/main.o
 .debug_aranges
                0x0000000000000078       0x28 ./Core/Src/software_timer.o
 .debug_aranges
                0x00000000000000a0       0x30 ./Core/Src/stm32f1xx_hal_msp.o
 .debug_aranges
                0x00000000000000d0       0x68 ./Core/Src/stm32f1xx_it.o
 .debug_aranges
                0x0000000000000138       0x28 ./Core/Src/system_stm32f1xx.o
 .debug_aranges
                0x0000000000000160       0x28 ./Core/Startup/startup_stm32f103c6ux.o
 .debug_aranges
                0x0000000000000188       0xe0 ./Drivers/STM32F1xx_HAL_Driver/Src/stm32f1xx_hal.o
 .debug_aranges
                0x0000000000000268      0x100 ./Drivers/STM32F1xx_HAL_Driver/Src/stm32f1xx_hal_cortex.o
 .debug_aranges
                0x0000000000000368       0x58 ./Drivers/STM32F1xx_HAL_Driver/Src/stm32f1xx_hal_gpio.o
 .debug_aranges
                0x00000000000003c0       0x90 ./Drivers/STM32F1xx_HAL_Driver/Src/stm32f1xx_hal_rcc.o
 .debug_aranges
                0x0000000000000450      0x3d0 ./Drivers/STM32F1xx_HAL_Driver/Src/stm32f1xx_hal_tim.o
 .debug_aranges
                0x0000000000000820      0x168 ./Drivers/STM32F1xx_HAL_Driver/Src/stm32f1xx_hal_tim_ex.o

.debug_ranges   0x0000000000000000      0x8c0
 .debug_ranges  0x0000000000000000       0x28 ./Core/Src/clock_funtion.o
 .debug_ranges  0x0000000000000028       0x30 ./Core/Src/main.o
 .debug_ranges  0x0000000000000058       0x18 ./Core/Src/software_timer.o
 .debug_ranges  0x0000000000000070       0x20 ./Core/Src/stm32f1xx_hal_msp.o
 .debug_ranges  0x0000000000000090       0x58 ./Core/Src/stm32f1xx_it.o
 .debug_ranges  0x00000000000000e8       0x18 ./Core/Src/system_stm32f1xx.o
 .debug_ranges  0x0000000000000100       0x20 ./Core/Startup/startup_stm32f103c6ux.o
 .debug_ranges  0x0000000000000120       0xd0 ./Drivers/STM32F1xx_HAL_Driver/Src/stm32f1xx_hal.o
 .debug_ranges  0x00000000000001f0       0xf0 ./Drivers/STM32F1xx_HAL_Driver/Src/stm32f1xx_hal_cortex.o
 .debug_ranges  0x00000000000002e0       0x48 ./Drivers/STM32F1xx_HAL_Driver/Src/stm32f1xx_hal_gpio.o
 .debug_ranges  0x0000000000000328       0x80 ./Drivers/STM32F1xx_HAL_Driver/Src/stm32f1xx_hal_rcc.o
 .debug_ranges  0x00000000000003a8      0x3c0 ./Drivers/STM32F1xx_HAL_Driver/Src/stm32f1xx_hal_tim.o
 .debug_ranges  0x0000000000000768      0x158 ./Drivers/STM32F1xx_HAL_Driver/Src/stm32f1xx_hal_tim_ex.o

.debug_macro    0x0000000000000000    0x16499
 .debug_macro   0x0000000000000000      0x1c0 ./Core/Src/clock_funtion.o
 .debug_macro   0x00000000000001c0      0xa9c ./Core/Src/clock_funtion.o
 .debug_macro   0x0000000000000c5c      0x215 ./Core/Src/clock_funtion.o
 .debug_macro   0x0000000000000e71       0x2e ./Core/Src/clock_funtion.o
 .debug_macro   0x0000000000000e9f       0x22 ./Core/Src/clock_funtion.o
 .debug_macro   0x0000000000000ec1       0x22 ./Core/Src/clock_funtion.o
 .debug_macro   0x0000000000000ee3       0x8e ./Core/Src/clock_funtion.o
 .debug_macro   0x0000000000000f71       0x51 ./Core/Src/clock_funtion.o
 .debug_macro   0x0000000000000fc2      0x103 ./Core/Src/clock_funtion.o
 .debug_macro   0x00000000000010c5       0x6a ./Core/Src/clock_funtion.o
 .debug_macro   0x000000000000112f      0x1df ./Core/Src/clock_funtion.o
 .debug_macro   0x000000000000130e       0x1c ./Core/Src/clock_funtion.o
 .debug_macro   0x000000000000132a       0x22 ./Core/Src/clock_funtion.o
 .debug_macro   0x000000000000134c       0xc3 ./Core/Src/clock_funtion.o
 .debug_macro   0x000000000000140f      0xd23 ./Core/Src/clock_funtion.o
 .debug_macro   0x0000000000002132     0xde75 ./Core/Src/clock_funtion.o
 .debug_macro   0x000000000000ffa7       0x6d ./Core/Src/clock_funtion.o
 .debug_macro   0x0000000000010014     0x34a2 ./Core/Src/clock_funtion.o
 .debug_macro   0x00000000000134b6      0x174 ./Core/Src/clock_funtion.o
 .debug_macro   0x000000000001362a       0x5c ./Core/Src/clock_funtion.o
 .debug_macro   0x0000000000013686      0x5bc ./Core/Src/clock_funtion.o
 .debug_macro   0x0000000000013c42      0x1b7 ./Core/Src/clock_funtion.o
 .debug_macro   0x0000000000013df9      0x1cb ./Core/Src/clock_funtion.o
 .debug_macro   0x0000000000013fc4      0x114 ./Core/Src/clock_funtion.o
 .debug_macro   0x00000000000140d8      0x1b2 ./Core/Src/clock_funtion.o
 .debug_macro   0x000000000001428a       0x27 ./Core/Src/clock_funtion.o
 .debug_macro   0x00000000000142b1      0x12f ./Core/Src/clock_funtion.o
 .debug_macro   0x00000000000143e0      0x1bc ./Core/Src/clock_funtion.o
 .debug_macro   0x000000000001459c       0x34 ./Core/Src/clock_funtion.o
 .debug_macro   0x00000000000145d0       0x3c ./Core/Src/clock_funtion.o
 .debug_macro   0x000000000001460c       0x57 ./Core/Src/clock_funtion.o
 .debug_macro   0x0000000000014663       0x87 ./Core/Src/clock_funtion.o
 .debug_macro   0x00000000000146ea      0x183 ./Core/Src/clock_funtion.o
 .debug_macro   0x000000000001486d      0x140 ./Core/Src/clock_funtion.o
 .debug_macro   0x00000000000149ad      0x8ed ./Core/Src/clock_funtion.o
 .debug_macro   0x000000000001529a       0x69 ./Core/Src/clock_funtion.o
 .debug_macro   0x0000000000015303       0x94 ./Core/Src/clock_funtion.o
 .debug_macro   0x0000000000015397      0x1ce ./Core/Src/main.o
 .debug_macro   0x0000000000015565       0x1b ./Core/Src/software_timer.o
 .debug_macro   0x0000000000015580      0x1a6 ./Core/Src/stm32f1xx_hal_msp.o
 .debug_macro   0x0000000000015726      0x1b0 ./Core/Src/stm32f1xx_it.o
 .debug_macro   0x00000000000158d6      0x197 ./Core/Src/system_stm32f1xx.o
 .debug_macro   0x0000000000015a6d      0x1bb ./Drivers/STM32F1xx_HAL_Driver/Src/stm32f1xx_hal.o
 .debug_macro   0x0000000000015c28      0x197 ./Drivers/STM32F1xx_HAL_Driver/Src/stm32f1xx_hal_cortex.o
 .debug_macro   0x0000000000015dbf      0x202 ./Drivers/STM32F1xx_HAL_Driver/Src/stm32f1xx_hal_gpio.o
 .debug_macro   0x0000000000015fc1      0x1a9 ./Drivers/STM32F1xx_HAL_Driver/Src/stm32f1xx_hal_rcc.o
 .debug_macro   0x000000000001616a      0x198 ./Drivers/STM32F1xx_HAL_Driver/Src/stm32f1xx_hal_tim.o
 .debug_macro   0x0000000000016302      0x197 ./Drivers/STM32F1xx_HAL_Driver/Src/stm32f1xx_hal_tim_ex.o

.debug_line     0x0000000000000000     0x9a85
 .debug_line    0x0000000000000000      0x73c ./Core/Src/clock_funtion.o
 .debug_line    0x000000000000073c      0x791 ./Core/Src/main.o
 .debug_line    0x0000000000000ecd       0x9d ./Core/Src/software_timer.o
 .debug_line    0x0000000000000f6a      0x695 ./Core/Src/stm32f1xx_hal_msp.o
 .debug_line    0x00000000000015ff      0x733 ./Core/Src/stm32f1xx_it.o
 .debug_line    0x0000000000001d32      0x6d7 ./Core/Src/system_stm32f1xx.o
 .debug_line    0x0000000000002409       0x86 ./Core/Startup/startup_stm32f103c6ux.o
 .debug_line    0x000000000000248f      0x904 ./Drivers/STM32F1xx_HAL_Driver/Src/stm32f1xx_hal.o
 .debug_line    0x0000000000002d93      0xaec ./Drivers/STM32F1xx_HAL_Driver/Src/stm32f1xx_hal_cortex.o
 .debug_line    0x000000000000387f      0x987 ./Drivers/STM32F1xx_HAL_Driver/Src/stm32f1xx_hal_gpio.o
 .debug_line    0x0000000000004206      0xd10 ./Drivers/STM32F1xx_HAL_Driver/Src/stm32f1xx_hal_rcc.o
 .debug_line    0x0000000000004f16     0x3355 ./Drivers/STM32F1xx_HAL_Driver/Src/stm32f1xx_hal_tim.o
 .debug_line    0x000000000000826b     0x181a ./Drivers/STM32F1xx_HAL_Driver/Src/stm32f1xx_hal_tim_ex.o

.debug_str      0x0000000000000000    0x82055
 .debug_str     0x0000000000000000    0x7f6b2 ./Core/Src/clock_funtion.o
                                      0x7f9e9 (size before relaxing)
 .debug_str     0x000000000007f6b2      0x6ef ./Core/Src/main.o
                                      0x8013b (size before relaxing)
 .debug_str     0x000000000007fda1       0x3f ./Core/Src/software_timer.o
                                       0x2db9 (size before relaxing)
 .debug_str     0x000000000007fde0      0x2ba ./Core/Src/stm32f1xx_hal_msp.o
                                      0x80113 (size before relaxing)
 .debug_str     0x000000000008009a       0xcd ./Core/Src/stm32f1xx_it.o
                                      0x7fe75 (size before relaxing)
 .debug_str     0x0000000000080167       0x52 ./Core/Src/system_stm32f1xx.o
                                      0x7f76d (size before relaxing)
 .debug_str     0x00000000000801b9       0x36 ./Core/Startup/startup_stm32f103c6ux.o
                                         0x61 (size before relaxing)
 .debug_str     0x00000000000801ef      0x304 ./Drivers/STM32F1xx_HAL_Driver/Src/stm32f1xx_hal.o
                                      0x7fdc4 (size before relaxing)
 .debug_str     0x00000000000804f3      0x300 ./Drivers/STM32F1xx_HAL_Driver/Src/stm32f1xx_hal_cortex.o
                                      0x7fdcc (size before relaxing)
 .debug_str     0x00000000000807f3      0x324 ./Drivers/STM32F1xx_HAL_Driver/Src/stm32f1xx_hal_gpio.o
                                      0x7fb31 (size before relaxing)
 .debug_str     0x0000000000080b17      0x24f ./Drivers/STM32F1xx_HAL_Driver/Src/stm32f1xx_hal_rcc.o
                                      0x7fb6a (size before relaxing)
 .debug_str     0x0000000000080d66      0xe01 ./Drivers/STM32F1xx_HAL_Driver/Src/stm32f1xx_hal_tim.o
                                      0x80b53 (size before relaxing)
 .debug_str     0x0000000000081b67      0x4ee ./Drivers/STM32F1xx_HAL_Driver/Src/stm32f1xx_hal_tim_ex.o
                                      0x802f4 (size before relaxing)

.comment        0x0000000000000000       0x53
 .comment       0x0000000000000000       0x53 ./Core/Src/clock_funtion.o
                                         0x54 (size before relaxing)
 .comment       0x0000000000000053       0x54 ./Core/Src/main.o
 .comment       0x0000000000000053       0x54 ./Core/Src/software_timer.o
 .comment       0x0000000000000053       0x54 ./Core/Src/stm32f1xx_hal_msp.o
 .comment       0x0000000000000053       0x54 ./Core/Src/stm32f1xx_it.o
 .comment       0x0000000000000053       0x54 ./Core/Src/system_stm32f1xx.o
 .comment       0x0000000000000053       0x54 ./Drivers/STM32F1xx_HAL_Driver/Src/stm32f1xx_hal.o
 .comment       0x0000000000000053       0x54 ./Drivers/STM32F1xx_HAL_Driver/Src/stm32f1xx_hal_cortex.o
 .comment       0x0000000000000053       0x54 ./Drivers/STM32F1xx_HAL_Driver/Src/stm32f1xx_hal_gpio.o
 .comment       0x0000000000000053       0x54 ./Drivers/STM32F1xx_HAL_Driver/Src/stm32f1xx_hal_rcc.o
 .comment       0x0000000000000053       0x54 ./Drivers/STM32F1xx_HAL_Driver/Src/stm32f1xx_hal_tim.o
 .comment       0x0000000000000053       0x54 ./Drivers/STM32F1xx_HAL_Driver/Src/stm32f1xx_hal_tim_ex.o

.debug_frame    0x0000000000000000     0x2694
 .debug_frame   0x0000000000000000       0x98 ./Core/Src/clock_funtion.o
 .debug_frame   0x0000000000000098       0xb4 ./Core/Src/main.o
 .debug_frame   0x000000000000014c       0x58 ./Core/Src/software_timer.o
 .debug_frame   0x00000000000001a4       0x80 ./Core/Src/stm32f1xx_hal_msp.o
 .debug_frame   0x0000000000000224      0x120 ./Core/Src/stm32f1xx_it.o
 .debug_frame   0x0000000000000344       0x58 ./Core/Src/system_stm32f1xx.o
 .debug_frame   0x000000000000039c      0x334 ./Drivers/STM32F1xx_HAL_Driver/Src/stm32f1xx_hal.o
 .debug_frame   0x00000000000006d0      0x428 ./Drivers/STM32F1xx_HAL_Driver/Src/stm32f1xx_hal_cortex.o
 .debug_frame   0x0000000000000af8      0x14c ./Drivers/STM32F1xx_HAL_Driver/Src/stm32f1xx_hal_gpio.o
 .debug_frame   0x0000000000000c44      0x218 ./Drivers/STM32F1xx_HAL_Driver/Src/stm32f1xx_hal_rcc.o
 .debug_frame   0x0000000000000e5c     0x11b4 ./Drivers/STM32F1xx_HAL_Driver/Src/stm32f1xx_hal_tim.o
 .debug_frame   0x0000000000002010      0x638 ./Drivers/STM32F1xx_HAL_Driver/Src/stm32f1xx_hal_tim_ex.o
 .debug_frame   0x0000000000002648       0x2c d:/stm32cubeide_1.7.0/stm32cubeide/plugins/com.st.stm32cube.ide.mcu.externaltools.gnu-tools-for-stm32.9-2020-q2-update.win32_2.0.0.202105311346/tools/bin/../lib/gcc/arm-none-eabi/9.3.1/../../../../arm-none-eabi/lib/thumb/v7-m/nofp\libc_nano.a(lib_a-init.o)
 .debug_frame   0x0000000000002674       0x20 d:/stm32cubeide_1.7.0/stm32cubeide/plugins/com.st.stm32cube.ide.mcu.externaltools.gnu-tools-for-stm32.9-2020-q2-update.win32_2.0.0.202105311346/tools/bin/../lib/gcc/arm-none-eabi/9.3.1/../../../../arm-none-eabi/lib/thumb/v7-m/nofp\libc_nano.a(lib_a-memset.o)
